{
    "Left": {
        "errorCode": 1,
        "errorEstimates": [],
        "partialResults": [
            [
                0,
                0,
                0
            ],
            [
                5,
                0,
                0
            ]
        ],
        "varWeights": []
    }
}