{
    "Right": {
        "actualTimeGrid": [
            0,
            1.0000000000000153,
            1.0000000000000153,
            2,
            2,
            3,
            3,
            4,
            4,
            5,
            5,
            6,
            6,
            7,
            7,
            8,
            8,
            9,
            9,
            10,
            10,
            10
        ],
        "diagnostics": {
            "dlsGetNumJacEvals": 0,
            "dlsGetNumRhsEvals": 0,
            "odeGetNumErrTestFails": 1,
            "odeGetNumLinSolvSetups": 2,
            "odeGetNumNonlinSolvConvFails": 0,
            "odeGetNumNonlinSolvIters": 8,
            "odeGetNumRhsEvals_fe": 0,
            "odeGetNumRhsEvals_fi": 15,
            "odeGetNumStepAttempts": 2,
            "odeGetNumSteps": 1,
            "odeMaxEventsReached": false
        },
        "eventInfo": [
            {
                "eventIndex": 0,
                "eventTime": 1.0000000000000153,
                "rootDirection": "Downwards"
            },
            {
                "eventIndex": 0,
                "eventTime": 2,
                "rootDirection": "Upwards"
            },
            {
                "eventIndex": 0,
                "eventTime": 3,
                "rootDirection": "Downwards"
            },
            {
                "eventIndex": 0,
                "eventTime": 4,
                "rootDirection": "Upwards"
            },
            {
                "eventIndex": 0,
                "eventTime": 5,
                "rootDirection": "Downwards"
            },
            {
                "eventIndex": 0,
                "eventTime": 6,
                "rootDirection": "Upwards"
            },
            {
                "eventIndex": 0,
                "eventTime": 7,
                "rootDirection": "Downwards"
            },
            {
                "eventIndex": 0,
                "eventTime": 8,
                "rootDirection": "Upwards"
            },
            {
                "eventIndex": 0,
                "eventTime": 9,
                "rootDirection": "Downwards"
            },
            {
                "eventIndex": 0,
                "eventTime": 10,
                "rootDirection": "Upwards"
            }
        ],
        "solutionMatrix": [
            [
                0
            ],
            [
                0.5000000000000152
            ],
            [
                0.5000000000000152
            ],
            [
                0.9999998056767875
            ],
            [
                0.9999998056767875
            ],
            [
                1.4999996153821908
            ],
            [
                1.4999996153821908
            ],
            [
                1.9999994290629852
            ],
            [
                1.9999994290629852
            ],
            [
                2.4999992466662717
            ],
            [
                2.4999992466662717
            ],
            [
                2.9999990681395032
            ],
            [
                2.9999990681395032
            ],
            [
                3.4999988934304804
            ],
            [
                3.4999988934304804
            ],
            [
                3.9999987224873546
            ],
            [
                3.9999987224873546
            ],
            [
                4.49999855525863
            ],
            [
                4.49999855525863
            ],
            [
                4.99999751016414
            ],
            [
                4.99999751016414
            ],
            [
                4.99999751016414
            ]
        ]
    }
}