{
    "Right": {
        "actualTimeGrid": [
            0,
            1,
            1,
            2,
            2,
            3,
            3,
            4,
            4,
            5,
            5,
            6,
            6,
            7,
            7,
            8,
            8,
            9,
            9,
            10,
            10,
            10
        ],
        "diagnostics": {
            "dlsGetNumJacEvals": 0,
            "dlsGetNumRhsEvals": 0,
            "odeGetNumErrTestFails": 0,
            "odeGetNumLinSolvSetups": 1,
            "odeGetNumNonlinSolvConvFails": 0,
            "odeGetNumNonlinSolvIters": 1,
            "odeGetNumRhsEvals_fe": 2,
            "odeGetNumRhsEvals_fi": 0,
            "odeGetNumStepAttempts": 0,
            "odeGetNumSteps": 1,
            "odeMaxEventsReached": false
        },
        "eventInfo": [
            {
                "eventIndex": 0,
                "eventTime": 1,
                "rootDirection": "Downwards"
            },
            {
                "eventIndex": 0,
                "eventTime": 2,
                "rootDirection": "Upwards"
            },
            {
                "eventIndex": 0,
                "eventTime": 3,
                "rootDirection": "Downwards"
            },
            {
                "eventIndex": 0,
                "eventTime": 4,
                "rootDirection": "Upwards"
            },
            {
                "eventIndex": 0,
                "eventTime": 5,
                "rootDirection": "Downwards"
            },
            {
                "eventIndex": 0,
                "eventTime": 6,
                "rootDirection": "Upwards"
            },
            {
                "eventIndex": 0,
                "eventTime": 7,
                "rootDirection": "Downwards"
            },
            {
                "eventIndex": 0,
                "eventTime": 8,
                "rootDirection": "Upwards"
            },
            {
                "eventIndex": 0,
                "eventTime": 9,
                "rootDirection": "Downwards"
            },
            {
                "eventIndex": 0,
                "eventTime": 10,
                "rootDirection": "Upwards"
            }
        ],
        "solutionMatrix": [
            [
                0
            ],
            [
                0.5000011769552009
            ],
            [
                0.5000011769552009
            ],
            [
                0.5000011769552009
            ],
            [
                0.5000011769552009
            ],
            [
                0.5000011769552009
            ],
            [
                0.5000011769552009
            ],
            [
                0.5000011769552009
            ],
            [
                0.5000011769552009
            ],
            [
                0.5000011769552009
            ],
            [
                0.5000011769552009
            ],
            [
                0.5000011769552009
            ],
            [
                0.5000011769552009
            ],
            [
                0.5000011769552009
            ],
            [
                0.5000011769552009
            ],
            [
                0.5000011769552009
            ],
            [
                0.5000011769552009
            ],
            [
                0.5000011769552009
            ],
            [
                0.5000011769552009
            ],
            [
                0.5000011769552009
            ],
            [
                0.5000011769552009
            ],
            [
                0.5000011769552009
            ]
        ]
    }
}